[36mapi-gateway:[39m [33m2025-05-04 12:48:38[39m : [32minfo[39m: [35mIdentity service is running on port 3000[39m
[36mapi-gateway:[39m [33m2025-05-04 12:50:05[39m : [32minfo[39m: [35mIdentity service is running on port 3000[39m
[36mapi-gateway:[39m [33m2025-05-04 12:50:23[39m : [32minfo[39m: [35mIdentity service is running on port 3000[39m
[36mapi-gateway:[39m [33m2025-05-04 12:50:25[39m : [32minfo[39m: [35mIdentity service is running on port 3000[39m
[36mapi-gateway:[39m [33m2025-05-04 12:50:52[39m : [32minfo[39m: [35mIdentity service is running on port 3000[39m
[36mapi-gateway:[39m [33m2025-05-04 12:51:12[39m : [32minfo[39m: [35mIdentity service is running on port 3000[39m
[36mapi-gateway:[39m [33m2025-05-04 12:51:20[39m : [32minfo[39m: [35mIdentity service is running on port 3000[39m
[36mapi-gateway:[39m [33m2025-05-04 12:52:53[39m : [32minfo[39m: [35mIdentity service is running on port 3000[39m
[36mapi-gateway:[39m [33m2025-05-04 12:53:19[39m : [32minfo[39m: [35mIdentity service is running on port 3000[39m
[36mapi-gateway:[39m [33m2025-05-04 12:53:21[39m : [32minfo[39m: [35mIdentity service is running on port 3000[39m
[36mapi-gateway:[39m [33m2025-05-04 12:53:23[39m : [32minfo[39m: [35mIdentity service is running on port 3000[39m
[36mapi-gateway:[39m [33m2025-05-04 12:53:45[39m : [32minfo[39m: [35mIdentity service is running on port 3000[39m
[36mapi-gateway:[39m [33m2025-05-04 12:53:47[39m : [32minfo[39m: [35mIdentity service is running on port 3000[39m
[36mapi-gateway:[39m [33m2025-05-04 12:53:54[39m : [32minfo[39m: [35mIdentity service is running on port 3000[39m
[36mapi-gateway:[39m [33m2025-05-04 12:54:46[39m : [32minfo[39m: [35mIdentity service is running on port 3000[39m
[36mapi-gateway:[39m [33m2025-05-04 12:56:30[39m : [32minfo[39m: [35mIdentity service is running on port 3000[39m
[36mapi-gateway:[39m [33m2025-05-04 12:56:39[39m : [32minfo[39m: [35mIdentity service is running on port 3000[39m
[36mapi-gateway:[39m [33m2025-05-04 12:56:56[39m : [32minfo[39m: [35mIdentity service is running on port 3000[39m
[36mapi-gateway:[39m [33m2025-05-04 12:58:04[39m : [32minfo[39m: [35mIdentity service is running on port 3000[39m
[36mapi-gateway:[39m [33m2025-05-04 12:58:16[39m : [32minfo[39m: [35mIdentity service is running on port 3000[39m
[36mapi-gateway:[39m [33m2025-05-04 12:58:34[39m : [32minfo[39m: [35mIdentity service is running on port 3000[39m
[36mapi-gateway:[39m [33m2025-05-04 13:00:27[39m : [32minfo[39m: [35mIdentity service is running on port 3000[39m
[36mapi-gateway:[39m [33m2025-05-04 13:00:31[39m : [32minfo[39m: [35mIdentity service is running on port 3000[39m
[36mapi-gateway:[39m [33m2025-05-04 13:09:34[39m : [32minfo[39m: [35mIdentity service is running on port 3000[39m
[36mapi-gateway:[39m [33m2025-05-04 13:11:01[39m : [32minfo[39m: [35mIdentity service is running on port 3000[39m
[36mapi-gateway:[39m [33m2025-05-04 13:11:14[39m : [32minfo[39m: [35mIdentity service is running on port 3000[39m
[36mapi-gateway:[39m [33m2025-05-04 13:11:17[39m : [32minfo[39m: [35mIdentity service is running on port 3000[39m
[36mapi-gateway:[39m [33m2025-05-04 13:11:28[39m : [32minfo[39m: [35mIdentity service is running on port 3000[39m
[36mapi-gateway:[39m [33m2025-05-04 13:12:31[39m : [32minfo[39m: [35mIdentity service is running on port 3000[39m
[36mapi-gateway:[39m [33m2025-05-04 13:13:30[39m : [32minfo[39m: [35mIdentity service is running on port 3000[39m
[36mapi-gateway:[39m [33m2025-05-04 13:13:44[39m : [32minfo[39m: [35mIdentity service is running on port 3000[39m
[36mapi-gateway:[39m [33m2025-05-04 13:15:34[39m : [32minfo[39m: [35mIdentity service is running on port 3000[39m
[36mapi-gateway:[39m [33m2025-05-04 13:15:52[39m : [32minfo[39m: [35mIdentity service is running on port 3000[39m
[36mapi-gateway:[39m [33m2025-05-04 13:16:00[39m : [32minfo[39m: [35mIdentity service is running on port 3000[39m
[36mapi-gateway:[39m [33m2025-05-04 13:19:03[39m : [32minfo[39m: [35mIdentity service is running on port 3000[39m
[36mapi-gateway:[39m [33m2025-05-04 13:19:07[39m : [32minfo[39m: [35mIdentity service is running on port 3000[39m
[36mapi-gateway:[39m [33m2025-05-04 13:20:05[39m : [32minfo[39m: [35mIdentity service is running on port 3000[39m
[36mapi-gateway:[39m [33m2025-05-04 13:20:31[39m : [32minfo[39m: [35mIdentity service is running on port 3000[39m
[36mapi-gateway:[39m [33m2025-05-04 13:23:46[39m : [32minfo[39m: [35mIdentity service is running on port 3000[39m
[36mapi-gateway:[39m [33m2025-05-04 13:24:08[39m : [31merror[39m: AggregateError
    at internalConnectMultiple (node:net:1139:18)
    at afterConnectMultiple (node:net:1712:7)
[36mapi-gateway:[39m [33m2025-05-04 13:24:55[39m : [32minfo[39m: Response received from Identity service: 200
[36mapi-gateway:[39m [33m2025-05-04 13:25:05[39m : [35mwarn[39m: Sensitive endpoint rate limit exceeded for IP: ::1
[36mapi-gateway:[39m [33m2025-05-04 13:26:23[39m : [32minfo[39m: [35mIdentity service is running on port 3000[39m
